[2026-05-09T01:08:18.725Z] {"timestamp":1778288896722,"level":"DEBUG","args":["[Manus] Debug collector initialized (no rrweb, UI events only)"],"stack":null}
[2026-05-09T01:08:18.725Z] {"timestamp":1778288896818,"level":"DEBUG","args":["[vite] connected."],"stack":null}
[2026-05-09T01:08:18.725Z] {"timestamp":1778288897293,"level":"INFO","args":["%cDownload the React DevTools for a better development experience: https://react.dev/link/react-devtools","font-weight:bold"],"stack":null}
[2026-05-09T16:32:53.180Z] {"timestamp":1778344371175,"level":"DEBUG","args":["[Manus] Debug collector initialized (no rrweb, UI events only)"],"stack":null}
[2026-05-09T16:32:53.180Z] {"timestamp":1778344371275,"level":"DEBUG","args":["[vite] connected."],"stack":null}
[2026-05-09T16:32:53.180Z] {"timestamp":1778344371722,"level":"INFO","args":["%cDownload the React DevTools for a better development experience: https://react.dev/link/react-devtools","font-weight:bold"],"stack":null}
[2026-05-09T16:36:29.696Z] {"timestamp":1778344587643,"level":"DEBUG","args":["[Manus] Debug collector initialized (no rrweb, UI events only)"],"stack":null}
[2026-05-09T16:36:29.696Z] {"timestamp":1778344587693,"level":"DEBUG","args":["[vite] connected."],"stack":null}
[2026-05-09T16:36:29.696Z] {"timestamp":1778344588155,"level":"INFO","args":["%cDownload the React DevTools for a better development experience: https://react.dev/link/react-devtools","font-weight:bold"],"stack":null}
[2026-05-09T16:38:03.648Z] {"timestamp":1778344683230,"level":"DEBUG","args":["[vite]","hot updated: /src/index.css"],"stack":null}
[2026-05-09T16:38:03.648Z] {"timestamp":1778344683231,"level":"DEBUG","args":["[vite]","hot updated: /src/pages/Events.tsx"],"stack":null}
[2026-05-09T16:38:03.648Z] {"timestamp":1778344683231,"level":"DEBUG","args":["[vite]","hot updated: /src/pages/Blog.tsx"],"stack":null}
[2026-05-09T16:38:03.648Z] {"timestamp":1778344683231,"level":"DEBUG","args":["[vite]","hot updated: /src/pages/EventDetail.tsx"],"stack":null}
[2026-05-09T16:38:03.648Z] {"timestamp":1778344683231,"level":"DEBUG","args":["[vite]","hot updated: /src/pages/BlogPost.tsx"],"stack":null}
[2026-05-09T16:38:53.646Z] {"timestamp":1778344733024,"level":"DEBUG","args":["[vite]","hot updated: /src/index.css"],"stack":null}
[2026-05-09T16:38:53.646Z] {"timestamp":1778344733024,"level":"DEBUG","args":["[vite]","hot updated: /src/pages/Events.tsx"],"stack":null}
[2026-05-09T16:38:53.646Z] {"timestamp":1778344733024,"level":"DEBUG","args":["[vite]","hot updated: /src/pages/Blog.tsx"],"stack":null}
[2026-05-09T16:38:53.646Z] {"timestamp":1778344733024,"level":"DEBUG","args":["[vite]","hot updated: /src/pages/EventDetail.tsx"],"stack":null}
[2026-05-09T16:38:53.646Z] {"timestamp":1778344733024,"level":"DEBUG","args":["[vite]","hot updated: /src/pages/BlogPost.tsx"],"stack":null}
[2026-05-09T16:39:31.645Z] {"timestamp":1778344770659,"level":"ERROR","args":["[vite]","Failed to reload /src/pages/Blog.tsx. This could be due to syntax errors or importing non-existent modules. (see errors above)"],"stack":"Error\n    at console.error (http://localhost:3000/__manus__/debug-collector.js:391:37)\n    at Object.error (http://localhost:3000/@vite/client:809:26)\n    at HMRClient.warnFailedUpdate (http://localhost:3000/@vite/client:181:15)\n    at HMRClient.fetchUpdate (http://localhost:3000/@vite/client:212:10)\n    at async Promise.all (index 2)\n    at async HMRClient.queueUpdate (http://localhost:3000/@vite/client:196:5)\n    at async Promise.all (index 0)\n    at async handleMessage (http://localhost:3000/@vite/client:838:4)"}
[2026-05-09T16:39:31.645Z] {"timestamp":1778344770660,"level":"ERROR","args":["[vite]","Failed to reload /src/pages/EventDetail.tsx. This could be due to syntax errors or importing non-existent modules. (see errors above)"],"stack":"Error\n    at console.error (http://localhost:3000/__manus__/debug-collector.js:391:37)\n    at Object.error (http://localhost:3000/@vite/client:809:26)\n    at HMRClient.warnFailedUpdate (http://localhost:3000/@vite/client:181:15)\n    at HMRClient.fetchUpdate (http://localhost:3000/@vite/client:212:10)\n    at async Promise.all (index 3)\n    at async HMRClient.queueUpdate (http://localhost:3000/@vite/client:196:5)\n    at async Promise.all (index 0)\n    at async handleMessage (http://localhost:3000/@vite/client:838:4)"}
[2026-05-09T16:39:31.646Z] {"timestamp":1778344770661,"level":"ERROR","args":["[vite]","Failed to reload /src/pages/Events.tsx. This could be due to syntax errors or importing non-existent modules. (see errors above)"],"stack":"Error\n    at console.error (http://localhost:3000/__manus__/debug-collector.js:391:37)\n    at Object.error (http://localhost:3000/@vite/client:809:26)\n    at HMRClient.warnFailedUpdate (http://localhost:3000/@vite/client:181:15)\n    at HMRClient.fetchUpdate (http://localhost:3000/@vite/client:212:10)\n    at async Promise.all (index 1)\n    at async HMRClient.queueUpdate (http://localhost:3000/@vite/client:196:5)\n    at async Promise.all (index 0)\n    at async handleMessage (http://localhost:3000/@vite/client:838:4)"}
[2026-05-09T16:39:31.646Z] {"timestamp":1778344770661,"level":"ERROR","args":["[vite]","Failed to reload /src/pages/BlogPost.tsx. This could be due to syntax errors or importing non-existent modules. (see errors above)"],"stack":"Error\n    at console.error (http://localhost:3000/__manus__/debug-collector.js:391:37)\n    at Object.error (http://localhost:3000/@vite/client:809:26)\n    at HMRClient.warnFailedUpdate (http://localhost:3000/@vite/client:181:15)\n    at HMRClient.fetchUpdate (http://localhost:3000/@vite/client:212:10)\n    at async Promise.all (index 4)\n    at async HMRClient.queueUpdate (http://localhost:3000/@vite/client:196:5)\n    at async Promise.all (index 0)\n    at async handleMessage (http://localhost:3000/@vite/client:838:4)"}
[2026-05-09T16:39:31.646Z] {"timestamp":1778344770737,"level":"DEBUG","args":["[vite]","hot updated: /src/index.css"],"stack":null}
[2026-05-09T16:39:31.646Z] {"timestamp":1778344770737,"level":"DEBUG","args":["[vite]","hot updated: /src/pages/Events.tsx"],"stack":null}
[2026-05-09T16:39:31.646Z] {"timestamp":1778344770737,"level":"DEBUG","args":["[vite]","hot updated: /src/pages/Blog.tsx"],"stack":null}
[2026-05-09T16:39:31.646Z] {"timestamp":1778344770737,"level":"DEBUG","args":["[vite]","hot updated: /src/pages/EventDetail.tsx"],"stack":null}
[2026-05-09T16:39:31.646Z] {"timestamp":1778344770737,"level":"DEBUG","args":["[vite]","hot updated: /src/pages/BlogPost.tsx"],"stack":null}
[2026-05-09T16:40:01.645Z] {"timestamp":1778344801053,"level":"DEBUG","args":["[vite]","hot updated: /src/pages/EventDetail.tsx"],"stack":null}
[2026-05-09T16:40:01.645Z] {"timestamp":1778344801053,"level":"DEBUG","args":["[vite]","hot updated: /src/index.css"],"stack":null}
[2026-05-09T16:40:21.646Z] {"timestamp":1778344819837,"level":"DEBUG","args":["[vite]","hot updated: /src/index.css"],"stack":null}
[2026-05-09T16:40:21.646Z] {"timestamp":1778344819837,"level":"DEBUG","args":["[vite]","hot updated: /src/pages/EventDetail.tsx"],"stack":null}
[2026-05-09T16:40:29.645Z] {"timestamp":1778344829031,"level":"DEBUG","args":["[vite]","hot updated: /src/index.css"],"stack":null}
[2026-05-09T16:40:29.645Z] {"timestamp":1778344829031,"level":"DEBUG","args":["[vite]","hot updated: /src/pages/EventDetail.tsx"],"stack":null}
[2026-05-09T16:40:55.647Z] {"timestamp":1778344854360,"level":"DEBUG","args":["[vite]","hot updated: /src/index.css"],"stack":null}
[2026-05-09T16:40:55.647Z] {"timestamp":1778344854360,"level":"DEBUG","args":["[vite]","hot updated: /src/pages/EventDetail.tsx"],"stack":null}
[2026-05-09T16:41:49.645Z] {"timestamp":1778344907778,"level":"DEBUG","args":["[vite]","hot updated: /src/index.css"],"stack":null}
[2026-05-09T16:41:49.645Z] {"timestamp":1778344907778,"level":"DEBUG","args":["[vite]","hot updated: /src/pages/EventDetail.tsx"],"stack":null}
[2026-05-09T16:41:57.646Z] {"timestamp":1778344916710,"level":"DEBUG","args":["[vite]","hot updated: /src/index.css"],"stack":null}
[2026-05-09T16:41:57.646Z] {"timestamp":1778344916710,"level":"DEBUG","args":["[vite]","hot updated: /src/pages/EventDetail.tsx"],"stack":null}
[2026-05-09T16:42:11.645Z] {"timestamp":1778344930355,"level":"DEBUG","args":["[vite]","hot updated: /src/index.css"],"stack":null}
[2026-05-09T16:42:11.645Z] {"timestamp":1778344930355,"level":"DEBUG","args":["[vite]","hot updated: /src/pages/EventDetail.tsx"],"stack":null}
[2026-05-09T16:42:15.645Z] {"timestamp":1778344934955,"level":"DEBUG","args":["[vite]","hot updated: /src/index.css"],"stack":null}
[2026-05-09T16:42:15.645Z] {"timestamp":1778344934955,"level":"DEBUG","args":["[vite]","hot updated: /src/pages/EventDetail.tsx"],"stack":null}
[2026-05-09T16:42:15.645Z] {"timestamp":1778344935044,"level":"DEBUG","args":["[vite]","hot updated: /src/index.css"],"stack":null}
[2026-05-09T16:42:15.645Z] {"timestamp":1778344935044,"level":"DEBUG","args":["[vite]","hot updated: /src/pages/EventDetail.tsx"],"stack":null}
[2026-05-09T16:42:37.646Z] {"timestamp":1778344955780,"level":"DEBUG","args":["[vite]","hot updated: /src/index.css"],"stack":null}
[2026-05-09T16:42:37.646Z] {"timestamp":1778344955780,"level":"DEBUG","args":["[vite]","hot updated: /src/pages/EventDetail.tsx"],"stack":null}
[2026-05-09T16:43:04.359Z] {"timestamp":1778344983257,"level":"DEBUG","args":["[vite]","hot updated: /src/index.css"],"stack":null}
[2026-05-09T16:43:04.359Z] {"timestamp":1778344983257,"level":"DEBUG","args":["[vite]","hot updated: /src/pages/EventDetail.tsx"],"stack":null}
[2026-05-09T16:45:11.262Z] {"timestamp":1778345110357,"level":"DEBUG","args":["[vite]","hot updated: /src/index.css"],"stack":null}
[2026-05-09T16:45:11.263Z] {"timestamp":1778345110357,"level":"DEBUG","args":["[vite]","hot updated: /src/pages/EventDetail.tsx"],"stack":null}
[2026-05-09T16:45:33.646Z] {"timestamp":1778345133534,"level":"DEBUG","args":["[vite]","hot updated: /src/index.css"],"stack":null}
[2026-05-09T16:45:33.646Z] {"timestamp":1778345133534,"level":"DEBUG","args":["[vite]","hot updated: /src/pages/EventDetail.tsx"],"stack":null}
[2026-05-09T16:45:45.646Z] {"timestamp":1778345143684,"level":"DEBUG","args":["[vite]","hot updated: /src/index.css"],"stack":null}
[2026-05-09T16:45:45.647Z] {"timestamp":1778345143684,"level":"DEBUG","args":["[vite]","hot updated: /src/pages/EventDetail.tsx"],"stack":null}
[2026-05-09T16:46:26.356Z] {"timestamp":1778345185970,"level":"DEBUG","args":["[vite]","hot updated: /src/index.css"],"stack":null}
[2026-05-09T16:46:26.357Z] {"timestamp":1778345185970,"level":"DEBUG","args":["[vite]","hot updated: /src/pages/EventDetail.tsx"],"stack":null}
[2026-05-09T16:46:43.646Z] {"timestamp":1778345203326,"level":"DEBUG","args":["[vite]","hot updated: /src/index.css"],"stack":null}
[2026-05-09T16:46:43.646Z] {"timestamp":1778345203326,"level":"DEBUG","args":["[vite]","hot updated: /src/pages/EventDetail.tsx"],"stack":null}
[2026-05-09T16:47:03.645Z] {"timestamp":1778345223185,"level":"DEBUG","args":["[vite]","hot updated: /src/index.css"],"stack":null}
[2026-05-09T16:47:03.645Z] {"timestamp":1778345223185,"level":"DEBUG","args":["[vite]","hot updated: /src/pages/EventDetail.tsx"],"stack":null}
[2026-05-09T16:47:35.648Z] {"timestamp":1778345254028,"level":"DEBUG","args":["[vite]","hot updated: /src/index.css"],"stack":null}
[2026-05-09T16:47:35.648Z] {"timestamp":1778345254028,"level":"DEBUG","args":["[vite]","hot updated: /src/pages/EventDetail.tsx"],"stack":null}
[2026-05-09T16:48:35.644Z] {"timestamp":1778345314293,"level":"DEBUG","args":["[vite]","hot updated: /src/pages/EventDetail.tsx"],"stack":null}
[2026-05-09T16:48:35.644Z] {"timestamp":1778345314293,"level":"DEBUG","args":["[vite]","hot updated: /src/index.css"],"stack":null}
[2026-05-09T16:49:11.645Z] {"timestamp":1778345351020,"level":"DEBUG","args":["[vite]","hot updated: /src/pages/Home.tsx"],"stack":null}
[2026-05-09T16:49:11.645Z] {"timestamp":1778345351020,"level":"DEBUG","args":["[vite]","hot updated: /src/index.css"],"stack":null}
[2026-05-11T00:53:05.241Z] {"timestamp":1778460783235,"level":"DEBUG","args":["[Manus] Debug collector initialized (no rrweb, UI events only)"],"stack":null}
[2026-05-11T00:53:05.241Z] {"timestamp":1778460783324,"level":"DEBUG","args":["[vite] connected."],"stack":null}
[2026-05-11T00:53:05.241Z] {"timestamp":1778460783794,"level":"INFO","args":["%cDownload the React DevTools for a better development experience: https://react.dev/link/react-devtools","font-weight:bold"],"stack":null}
[2026-05-11T00:55:01.189Z] {"timestamp":1778460900402,"level":"DEBUG","args":["[vite]","hot updated: /src/pages/Home.tsx"],"stack":null}
[2026-05-11T00:55:01.189Z] {"timestamp":1778460900402,"level":"DEBUG","args":["[vite]","hot updated: /src/index.css"],"stack":null}
[2026-05-11T00:55:03.288Z] {"timestamp":1778460901287,"level":"DEBUG","args":["[Manus] Debug collector initialized (no rrweb, UI events only)"],"stack":null}
[2026-05-11T00:55:03.288Z] {"timestamp":1778460901361,"level":"DEBUG","args":["[vite] connected."],"stack":null}
[2026-05-11T00:55:03.288Z] {"timestamp":1778460901451,"level":"INFO","args":["%cDownload the React DevTools for a better development experience: https://react.dev/link/react-devtools","font-weight:bold"],"stack":null}
[2026-05-11T00:58:45.294Z] {"timestamp":1778461123678,"level":"DEBUG","args":["[vite]","hot updated: /src/pages/Home.tsx"],"stack":null}
[2026-05-11T00:58:45.294Z] {"timestamp":1778461123678,"level":"DEBUG","args":["[vite]","hot updated: /src/index.css"],"stack":null}
[2026-05-11T00:59:21.296Z] {"timestamp":1778461160011,"level":"DEBUG","args":["[vite]","hot updated: /src/index.css"],"stack":null}
[2026-05-11T00:59:21.296Z] {"timestamp":1778461160011,"level":"DEBUG","args":["[vite]","hot updated: /src/components/Navbar.tsx"],"stack":null}
[2026-05-11T00:59:25.296Z] {"timestamp":1778461164533,"level":"DEBUG","args":["[vite]","hot updated: /src/index.css"],"stack":null}
[2026-05-11T00:59:25.296Z] {"timestamp":1778461164533,"level":"DEBUG","args":["[vite]","hot updated: /src/components/Navbar.tsx"],"stack":null}
[2026-05-11T00:59:27.294Z] {"timestamp":1778461167148,"level":"DEBUG","args":["[vite]","hot updated: /src/index.css"],"stack":null}
[2026-05-11T00:59:27.294Z] {"timestamp":1778461167148,"level":"DEBUG","args":["[vite]","hot updated: /src/components/Navbar.tsx"],"stack":null}
[2026-05-11T01:02:21.298Z] {"timestamp":1778461339831,"level":"DEBUG","args":["[vite]","hot updated: /src/pages/Events.tsx"],"stack":null}
[2026-05-11T01:02:21.298Z] {"timestamp":1778461339831,"level":"DEBUG","args":["[vite]","hot updated: /src/index.css"],"stack":null}
[2026-05-11T01:02:21.298Z] {"timestamp":1778461339942,"level":"DEBUG","args":["[vite]","hot updated: /src/pages/Home.tsx"],"stack":null}
[2026-05-11T01:02:21.298Z] {"timestamp":1778461339942,"level":"DEBUG","args":["[vite]","hot updated: /src/index.css"],"stack":null}
[2026-05-11T01:02:21.298Z] {"timestamp":1778461340122,"level":"DEBUG","args":["[vite]","hot updated: /src/pages/About.tsx"],"stack":null}
[2026-05-11T01:02:21.298Z] {"timestamp":1778461340122,"level":"DEBUG","args":["[vite]","hot updated: /src/index.css"],"stack":null}
[2026-05-11T01:02:21.298Z] {"timestamp":1778461340169,"level":"DEBUG","args":["[vite]","hot updated: /src/pages/Blog.tsx"],"stack":null}
[2026-05-11T01:02:21.298Z] {"timestamp":1778461340170,"level":"DEBUG","args":["[vite]","hot updated: /src/index.css"],"stack":null}
[2026-05-11T01:02:21.298Z] {"timestamp":1778461340297,"level":"DEBUG","args":["[vite]","hot updated: /src/pages/EventDetail.tsx"],"stack":null}
[2026-05-11T01:02:21.298Z] {"timestamp":1778461340298,"level":"DEBUG","args":["[vite]","hot updated: /src/index.css"],"stack":null}
[2026-05-11T01:02:21.298Z] {"timestamp":1778461340426,"level":"DEBUG","args":["[vite]","hot updated: /src/pages/BlogPost.tsx"],"stack":null}
[2026-05-11T01:02:21.298Z] {"timestamp":1778461340427,"level":"DEBUG","args":["[vite]","hot updated: /src/index.css"],"stack":null}
[2026-05-11T01:02:55.299Z] {"timestamp":1778461374087,"level":"DEBUG","args":["[vite]","hot updated: /src/index.css"],"stack":null}
[2026-05-11T01:02:55.299Z] {"timestamp":1778461374087,"level":"DEBUG","args":["[vite]","hot updated: /src/components/Navbar.tsx"],"stack":null}
[2026-05-11T01:02:55.299Z] {"timestamp":1778461374163,"level":"DEBUG","args":["[vite]","hot updated: /src/pages/Events.tsx"],"stack":null}
[2026-05-11T01:02:55.299Z] {"timestamp":1778461374163,"level":"DEBUG","args":["[vite]","hot updated: /src/index.css"],"stack":null}
[2026-05-11T01:02:55.299Z] {"timestamp":1778461374326,"level":"DEBUG","args":["[vite]","hot updated: /src/pages/About.tsx"],"stack":null}
[2026-05-11T01:02:55.299Z] {"timestamp":1778461374326,"level":"DEBUG","args":["[vite]","hot updated: /src/index.css"],"stack":null}
[2026-05-11T01:02:55.299Z] {"timestamp":1778461374360,"level":"DEBUG","args":["[vite]","hot updated: /src/pages/Blog.tsx"],"stack":null}
[2026-05-11T01:02:55.299Z] {"timestamp":1778461374360,"level":"DEBUG","args":["[vite]","hot updated: /src/index.css"],"stack":null}
[2026-05-11T01:02:55.299Z] {"timestamp":1778461374401,"level":"DEBUG","args":["[vite]","hot updated: /src/pages/BlogPost.tsx"],"stack":null}
[2026-05-11T01:02:55.299Z] {"timestamp":1778461374401,"level":"DEBUG","args":["[vite]","hot updated: /src/index.css"],"stack":null}
[2026-05-11T01:02:55.299Z] {"timestamp":1778461374484,"level":"DEBUG","args":["[vite]","hot updated: /src/pages/EventDetail.tsx"],"stack":null}
[2026-05-11T01:02:55.299Z] {"timestamp":1778461374485,"level":"DEBUG","args":["[vite]","hot updated: /src/index.css"],"stack":null}
[2026-05-11T01:03:09.299Z] {"timestamp":1778461388992,"level":"DEBUG","args":["[vite]","hot updated: /src/pages/BlogPost.tsx"],"stack":null}
[2026-05-11T01:03:09.299Z] {"timestamp":1778461388993,"level":"DEBUG","args":["[vite]","hot updated: /src/index.css"],"stack":null}
[2026-05-11T01:03:13.300Z] {"timestamp":1778461392166,"level":"DEBUG","args":["[vite]","hot updated: /src/pages/BlogPost.tsx"],"stack":null}
[2026-05-11T01:03:13.300Z] {"timestamp":1778461392166,"level":"DEBUG","args":["[vite]","hot updated: /src/index.css"],"stack":null}
[2026-05-11T01:03:25.378Z] {"timestamp":1778461403870,"level":"DEBUG","args":["[vite]","hot updated: /src/pages/Events.tsx"],"stack":null}
[2026-05-11T01:03:25.378Z] {"timestamp":1778461403870,"level":"DEBUG","args":["[vite]","hot updated: /src/index.css"],"stack":null}
[2026-05-11T01:03:25.378Z] {"timestamp":1778461404029,"level":"DEBUG","args":["[vite]","hot updated: /src/pages/Events.tsx"],"stack":null}
[2026-05-11T01:03:25.378Z] {"timestamp":1778461404029,"level":"DEBUG","args":["[vite]","hot updated: /src/index.css"],"stack":null}
[2026-05-11T01:03:25.378Z] {"timestamp":1778461405266,"level":"DEBUG","args":["[vite]","hot updated: /src/pages/Events.tsx"],"stack":null}
[2026-05-11T01:03:25.378Z] {"timestamp":1778461405266,"level":"DEBUG","args":["[vite]","hot updated: /src/index.css"],"stack":null}
[2026-05-11T01:03:27.300Z] {"timestamp":1778461405400,"level":"DEBUG","args":["[vite]","hot updated: /src/pages/Events.tsx"],"stack":null}
[2026-05-11T01:03:27.300Z] {"timestamp":1778461405400,"level":"DEBUG","args":["[vite]","hot updated: /src/index.css"],"stack":null}
[2026-05-11T01:03:29.311Z] {"timestamp":1778461409293,"level":"DEBUG","args":["[vite]","hot updated: /src/pages/Events.tsx"],"stack":null}
[2026-05-11T01:03:29.311Z] {"timestamp":1778461409294,"level":"DEBUG","args":["[vite]","hot updated: /src/index.css"],"stack":null}
[2026-05-11T01:03:31.301Z] {"timestamp":1778461410771,"level":"DEBUG","args":["[vite]","hot updated: /src/pages/Events.tsx"],"stack":null}
[2026-05-11T01:03:31.301Z] {"timestamp":1778461410771,"level":"DEBUG","args":["[vite]","hot updated: /src/index.css"],"stack":null}
[2026-05-11T01:04:05.300Z] {"timestamp":1778461444414,"level":"DEBUG","args":["[vite]","hot updated: /src/pages/Events.tsx"],"stack":null}
[2026-05-11T01:04:05.300Z] {"timestamp":1778461444414,"level":"DEBUG","args":["[vite]","hot updated: /src/index.css"],"stack":null}
[2026-05-11T01:04:15.301Z] {"timestamp":1778461453540,"level":"DEBUG","args":["[vite]","hot updated: /src/pages/Events.tsx"],"stack":null}
[2026-05-11T01:04:15.301Z] {"timestamp":1778461453541,"level":"DEBUG","args":["[vite]","hot updated: /src/index.css"],"stack":null}
[2026-05-11T01:04:19.300Z] {"timestamp":1778461458534,"level":"DEBUG","args":["[vite]","hot updated: /src/pages/Events.tsx"],"stack":null}
[2026-05-11T01:04:19.300Z] {"timestamp":1778461458535,"level":"DEBUG","args":["[vite]","hot updated: /src/index.css"],"stack":null}
[2026-05-11T01:04:23.302Z] {"timestamp":1778461461950,"level":"DEBUG","args":["[vite]","hot updated: /src/pages/Events.tsx"],"stack":null}
[2026-05-11T01:04:23.302Z] {"timestamp":1778461461950,"level":"DEBUG","args":["[vite]","hot updated: /src/index.css"],"stack":null}
[2026-05-11T01:04:29.301Z] {"timestamp":1778461468779,"level":"DEBUG","args":["[vite]","hot updated: /src/pages/Events.tsx"],"stack":null}
[2026-05-11T01:04:29.301Z] {"timestamp":1778461468779,"level":"DEBUG","args":["[vite]","hot updated: /src/index.css"],"stack":null}
[2026-05-11T01:04:33.300Z] {"timestamp":1778461472262,"level":"DEBUG","args":["[vite]","hot updated: /src/pages/Events.tsx"],"stack":null}
[2026-05-11T01:04:33.300Z] {"timestamp":1778461472262,"level":"DEBUG","args":["[vite]","hot updated: /src/index.css"],"stack":null}
[2026-05-11T01:04:33.300Z] {"timestamp":1778461472403,"level":"DEBUG","args":["[vite]","hot updated: /src/pages/Events.tsx"],"stack":null}
[2026-05-11T01:04:33.300Z] {"timestamp":1778461472403,"level":"DEBUG","args":["[vite]","hot updated: /src/index.css"],"stack":null}
[2026-05-11T01:04:55.302Z] {"timestamp":1778461493320,"level":"DEBUG","args":["[vite]","hot updated: /src/pages/Events.tsx"],"stack":null}
[2026-05-11T01:04:55.302Z] {"timestamp":1778461493320,"level":"DEBUG","args":["[vite]","hot updated: /src/index.css"],"stack":null}
[2026-05-11T01:05:01.301Z] {"timestamp":1778461500620,"level":"DEBUG","args":["[vite]","hot updated: /src/pages/Events.tsx"],"stack":null}
[2026-05-11T01:05:01.301Z] {"timestamp":1778461500620,"level":"DEBUG","args":["[vite]","hot updated: /src/index.css"],"stack":null}
[2026-05-11T01:05:07.325Z] {"timestamp":1778461507155,"level":"DEBUG","args":["[vite]","hot updated: /src/pages/Events.tsx"],"stack":null}
[2026-05-11T01:05:07.325Z] {"timestamp":1778461507155,"level":"DEBUG","args":["[vite]","hot updated: /src/index.css"],"stack":null}
[2026-05-11T01:05:09.302Z] {"timestamp":1778461507344,"level":"DEBUG","args":["[vite]","hot updated: /src/pages/Events.tsx"],"stack":null}
[2026-05-11T01:05:09.302Z] {"timestamp":1778461507344,"level":"DEBUG","args":["[vite]","hot updated: /src/index.css"],"stack":null}
[2026-05-11T01:05:23.301Z] {"timestamp":1778461521571,"level":"DEBUG","args":["[vite]","hot updated: /src/pages/Events.tsx"],"stack":null}
[2026-05-11T01:05:23.301Z] {"timestamp":1778461521571,"level":"DEBUG","args":["[vite]","hot updated: /src/index.css"],"stack":null}
[2026-05-11T01:06:05.302Z] {"timestamp":1778461563476,"level":"DEBUG","args":["[vite]","hot updated: /src/pages/Events.tsx"],"stack":null}
[2026-05-11T01:06:05.302Z] {"timestamp":1778461563476,"level":"DEBUG","args":["[vite]","hot updated: /src/index.css"],"stack":null}
[2026-05-11T01:06:19.495Z] {"timestamp":1778461579245,"level":"DEBUG","args":["[vite]","hot updated: /src/pages/Events.tsx"],"stack":null}
[2026-05-11T01:06:19.495Z] {"timestamp":1778461579245,"level":"DEBUG","args":["[vite]","hot updated: /src/index.css"],"stack":null}
[2026-05-11T01:07:13.587Z] {"timestamp":1778461632356,"level":"DEBUG","args":["[vite]","hot updated: /src/pages/Events.tsx"],"stack":null}
[2026-05-11T01:07:13.587Z] {"timestamp":1778461632356,"level":"DEBUG","args":["[vite]","hot updated: /src/index.css"],"stack":null}
[2026-05-11T01:07:21.303Z] {"timestamp":1778461640690,"level":"DEBUG","args":["[vite]","hot updated: /src/pages/Events.tsx"],"stack":null}
[2026-05-11T01:07:21.303Z] {"timestamp":1778461640691,"level":"DEBUG","args":["[vite]","hot updated: /src/index.css"],"stack":null}
[2026-05-11T01:07:32.788Z] {"timestamp":1778461650785,"level":"DEBUG","args":["[Manus] Debug collector initialized (no rrweb, UI events only)"],"stack":null}
[2026-05-11T01:07:32.788Z] {"timestamp":1778461650873,"level":"DEBUG","args":["[vite] connected."],"stack":null}
[2026-05-11T01:07:32.788Z] {"timestamp":1778461651177,"level":"INFO","args":["%cDownload the React DevTools for a better development experience: https://react.dev/link/react-devtools","font-weight:bold"],"stack":null}
[2026-05-11T01:07:58.789Z] {"timestamp":1778461677975,"level":"DEBUG","args":["[vite]","hot updated: /src/pages/Home.tsx"],"stack":null}
[2026-05-11T01:07:58.789Z] {"timestamp":1778461677975,"level":"DEBUG","args":["[vite]","hot updated: /src/index.css"],"stack":null}
[2026-05-11T01:08:10.794Z] {"timestamp":1778461690770,"level":"DEBUG","args":["[vite]","hot updated: /src/pages/Home.tsx"],"stack":null}
[2026-05-11T01:08:10.794Z] {"timestamp":1778461690770,"level":"DEBUG","args":["[vite]","hot updated: /src/index.css"],"stack":null}
[2026-05-11T01:09:00.788Z] {"timestamp":1778461739834,"level":"DEBUG","args":["[vite]","hot updated: /src/pages/Home.tsx"],"stack":null}
[2026-05-11T01:09:00.788Z] {"timestamp":1778461739834,"level":"DEBUG","args":["[vite]","hot updated: /src/index.css"],"stack":null}
[2026-05-11T01:09:10.789Z] {"timestamp":1778461750428,"level":"DEBUG","args":["[vite]","hot updated: /src/pages/Home.tsx"],"stack":null}
[2026-05-11T01:09:10.789Z] {"timestamp":1778461750428,"level":"DEBUG","args":["[vite]","hot updated: /src/index.css"],"stack":null}
[2026-05-11T01:09:10.789Z] {"timestamp":1778461750527,"level":"DEBUG","args":["[vite]","hot updated: /src/pages/Home.tsx"],"stack":null}
[2026-05-11T01:09:10.789Z] {"timestamp":1778461750527,"level":"DEBUG","args":["[vite]","hot updated: /src/index.css"],"stack":null}
[2026-05-11T01:09:22.790Z] {"timestamp":1778461762593,"level":"DEBUG","args":["[vite]","hot updated: /src/pages/About.tsx"],"stack":null}
[2026-05-11T01:09:22.790Z] {"timestamp":1778461762593,"level":"DEBUG","args":["[vite]","hot updated: /src/index.css"],"stack":null}
[2026-05-11T01:09:22.790Z] {"timestamp":1778461762690,"level":"DEBUG","args":["[vite]","hot updated: /src/pages/About.tsx"],"stack":null}
[2026-05-11T01:09:22.790Z] {"timestamp":1778461762690,"level":"DEBUG","args":["[vite]","hot updated: /src/index.css"],"stack":null}
[2026-05-11T01:09:28.846Z] {"timestamp":1778461768236,"level":"DEBUG","args":["[vite]","hot updated: /src/pages/About.tsx"],"stack":null}
[2026-05-11T01:09:28.846Z] {"timestamp":1778461768237,"level":"DEBUG","args":["[vite]","hot updated: /src/index.css"],"stack":null}
[2026-05-11T01:09:40.789Z] {"timestamp":1778461779168,"level":"DEBUG","args":["[vite]","hot updated: /src/pages/About.tsx"],"stack":null}
[2026-05-11T01:09:40.789Z] {"timestamp":1778461779168,"level":"DEBUG","args":["[vite]","hot updated: /src/index.css"],"stack":null}
[2026-05-11T01:09:40.789Z] {"timestamp":1778461779231,"level":"DEBUG","args":["[vite]","hot updated: /src/pages/About.tsx"],"stack":null}
[2026-05-11T01:09:40.789Z] {"timestamp":1778461779231,"level":"DEBUG","args":["[vite]","hot updated: /src/index.css"],"stack":null}
[2026-05-11T01:11:00.850Z] {"timestamp":1778461858860,"level":"DEBUG","args":["[vite]","hot updated: /src/pages/EventDetail.tsx"],"stack":null}
[2026-05-11T01:11:00.850Z] {"timestamp":1778461858860,"level":"DEBUG","args":["[vite]","hot updated: /src/index.css"],"stack":null}
[2026-05-11T01:12:10.793Z] {"timestamp":1778461930440,"level":"DEBUG","args":["[vite]","hot updated: /src/pages/EventDetail.tsx"],"stack":null}
[2026-05-11T01:12:10.793Z] {"timestamp":1778461930440,"level":"DEBUG","args":["[vite]","hot updated: /src/index.css"],"stack":null}
[2026-05-11T01:12:16.793Z] {"timestamp":1778461936464,"level":"DEBUG","args":["[vite]","hot updated: /src/pages/EventDetail.tsx"],"stack":null}
[2026-05-11T01:12:16.793Z] {"timestamp":1778461936464,"level":"DEBUG","args":["[vite]","hot updated: /src/index.css"],"stack":null}
[2026-05-11T01:12:16.793Z] {"timestamp":1778461936572,"level":"DEBUG","args":["[vite]","hot updated: /src/pages/EventDetail.tsx"],"stack":null}
[2026-05-11T01:12:16.793Z] {"timestamp":1778461936572,"level":"DEBUG","args":["[vite]","hot updated: /src/index.css"],"stack":null}
[2026-05-11T01:12:52.793Z] {"timestamp":1778461971803,"level":"DEBUG","args":["[vite]","hot updated: /src/pages/Blog.tsx"],"stack":null}
[2026-05-11T01:12:52.793Z] {"timestamp":1778461971803,"level":"DEBUG","args":["[vite]","hot updated: /src/index.css"],"stack":null}
[2026-05-11T01:12:56.821Z] {"timestamp":1778461974914,"level":"DEBUG","args":["[vite]","hot updated: /src/pages/Blog.tsx"],"stack":null}
[2026-05-11T01:12:56.821Z] {"timestamp":1778461974914,"level":"DEBUG","args":["[vite]","hot updated: /src/index.css"],"stack":null}
[2026-05-11T01:13:12.794Z] {"timestamp":1778461991653,"level":"DEBUG","args":["[vite]","hot updated: /src/pages/BlogPost.tsx"],"stack":null}
[2026-05-11T01:13:12.794Z] {"timestamp":1778461991653,"level":"DEBUG","args":["[vite]","hot updated: /src/index.css"],"stack":null}
[2026-05-11T01:14:02.794Z] {"timestamp":1778462042157,"level":"DEBUG","args":["[vite]","hot updated: /src/pages/BlogPost.tsx"],"stack":null}
[2026-05-11T01:14:02.794Z] {"timestamp":1778462042157,"level":"DEBUG","args":["[vite]","hot updated: /src/index.css"],"stack":null}
